apiVersion: logging.cnrm.cloud.google.com/v1alpha1
kind: LoggingLink
metadata:
  finalizers:
  - cnrm.cloud.google.com/finalizer
  - cnrm.cloud.google.com/deletion-defender
  generation: 1
  labels:
    cnrm-test: "true"
  name: logginglink${uniqueId}
  namespace: ${uniqueId}
spec:
  description: A sample log link
  loggingLogBucketRef:
    external: projects/${projectId}/locations/global/buckets/logginglogbucket-${uniqueId}
status:
  conditions:
  - lastTransitionTime: "1970-01-01T00:00:00Z"
    message: The resource is up to date
    reason: UpToDate
    status: "True"
    type: Ready
  externalRef: projects/${projectId}/locations/global/buckets/logginglogbucket-${uniqueId}/links/logginglink${uniqueId}
  observedGeneration: 1
  observedState:
    bigQueryDataset:
      datasetID: bigquery.googleapis.com/projects/${projectId}/datasets/logginglink${uniqueId}
    createTime: "1970-01-01T00:00:00Z"
    lifecycleState: ACTIVE
