apiVersion: secretmanager.cnrm.cloud.google.com/v1beta1
kind: SecretManagerSecret
metadata:
  annotations:
    cnrm.cloud.google.com/project-id: ${projectId}
  labels:
    cnrm-test: "true"
    label-one: value-one
    managed-by-cnrm: "true"
  name: secretmanagersecret-${uniqueId}
spec:
  replication:
    userManaged:
      replicas:
      - location: us-central1
  resourceID: secretmanagersecret-${uniqueId}