apiVersion: memorystore.cnrm.cloud.google.com/v1alpha1
kind: MemorystoreInstance
metadata:
  finalizers:
  - cnrm.cloud.google.com/finalizer
  - cnrm.cloud.google.com/deletion-defender
  generation: 2
  labels:
    cnrm-test: "true"
  name: memorystoreinstance-${uniqueId}
  namespace: ${uniqueId}
spec:
  location: us-central1
  projectRef:
    external: ${projectId}
  shardCount: 10
status:
  conditions:
  - lastTransitionTime: "1970-01-01T00:00:00Z"
    message: The resource is up to date
    reason: UpToDate
    status: "True"
    type: Ready
  externalRef: projects/${projectId}/locations/us-central1/instances/memorystoreinstance-${uniqueId}
  observedGeneration: 2
  observedState:
    createTime: "1970-01-01T00:00:00Z"
    nodeConfig:
      sizeGB: 13
    state: ACTIVE
    uid: 0123456789abcdef
    updateTime: "1970-01-01T00:00:00Z"
