apiVersion: discoveryengine.cnrm.cloud.google.com/v1alpha1
kind: DiscoveryEngineDataStore
metadata:
  name: datastore-${uniqueId}
spec:
  collection: default_collection
  displayName: Updated display name
  industryVertical: GENERIC
  location: global
  projectRef:
    external: ${projectId}