apiVersion: alloydb.cnrm.cloud.google.com/v1beta1
kind: AlloyDBUser
metadata:
  annotations:
    cnrm.cloud.google.com/management-conflict-prevention-policy: none
    cnrm.cloud.google.com/mutable-but-unreadable-fields: '{"spec":{"password":{"value":"pg-built-in-mod"}}}'
    cnrm.cloud.google.com/observed-secret-versions: (removed)
    cnrm.cloud.google.com/state-into-spec: absent
  finalizers:
  - cnrm.cloud.google.com/finalizer
  - cnrm.cloud.google.com/deletion-defender
  generation: 3
  labels:
    cnrm-test: "true"
  name: alloydbuser-${uniqueId}
  namespace: ${uniqueId}
spec:
  clusterRef:
    name: alloydbcluster-${uniqueId}
  databaseRoles:
  - pg_monitor
  - pg_signal_backend
  password:
    value: pg-built-in-mod
  resourceID: alloydbuser-${uniqueId}
  userType: ALLOYDB_BUILT_IN
status:
  conditions:
  - lastTransitionTime: "1970-01-01T00:00:00Z"
    message: The resource is up to date
    reason: UpToDate
    status: "True"
    type: Ready
  name: projects/${projectId}/locations/asia-southeast1/clusters/alloydbcluster-${uniqueId}/users/alloydbuser-${uniqueId}
  observedGeneration: 3
