apiVersion: logging.cnrm.cloud.google.com/v1beta1
kind: LoggingLogMetric
metadata:
  finalizers:
  - cnrm.cloud.google.com/finalizer
  - cnrm.cloud.google.com/deletion-defender
  generation: 2
  labels:
    cnrm-test: "true"
  name: logginglogmetric-metricdescriptor-${uniqueId}
  namespace: ${uniqueId}
spec:
  description: Test when metricDescriptor is not specified
  filter: |-
    severity="ERROR"
    resource.type="k8s_container"
    resource.labels.cluster_name="testcluster"
    resource.labels.namespace_name="testnamespace"
  projectRef:
    external: projects/${projectId}
  resourceID: logginglogmetric-metricdescriptor-${uniqueId}
status:
  conditions:
  - lastTransitionTime: "1970-01-01T00:00:00Z"
    message: The resource is up to date
    reason: UpToDate
    status: "True"
    type: Ready
  createTime: "1970-01-01T00:00:00Z"
  metricDescriptor:
    description: Test when metricDescriptor is not specified
    name: projects/${projectId}/metricDescriptors/logging.googleapis.com/user/logginglogmetric-metricdescriptor-${uniqueId}
    type: logging.googleapis.com/user/logginglogmetric-metricdescriptor-${uniqueId}
  observedGeneration: 2
  updateTime: "1970-01-01T00:00:00Z"
