apiVersion: bigquerydatatransfer.cnrm.cloud.google.com/v1beta1
kind: BigQueryDataTransferConfig
metadata:
  finalizers:
  - cnrm.cloud.google.com/finalizer
  - cnrm.cloud.google.com/deletion-defender
  generation: 2
  labels:
    cnrm-test: "true"
  name: bigquerydatatransferconfig-${uniqueId}
  namespace: ${uniqueId}
spec:
  dataSourceID: google_cloud_storage
  datasetRef:
    name: bigquerydataset${uniqueId}
  displayName: example of scheduled option v2 query
  location: us-central1
  params:
    data_path_template: gs://config-connector-samples/bigquerydatatransferconfig/*.csv
    destination_table_name_template: bigquerytable${uniqueId}
    file_format: CSV
    write_disposition: APPEND
  projectRef:
    external: ${projectId}
  pubSubTopicRef:
    name: pubsubtopic-${uniqueId}-2
  scheduleOptionsV2:
    eventDrivenSchedule:
      pubSubSubscriptionRef:
        name: pubsubsubscription-${uniqueId}-2
  serviceAccountRef:
    name: gsa-${uniqueId}
status:
  conditions:
  - lastTransitionTime: "1970-01-01T00:00:00Z"
    message: The resource is up to date
    reason: UpToDate
    status: "True"
    type: Ready
  externalRef: //bigquerydatatransfer.googleapis.com/projects/${projectId}/locations/us-central1/transferConfigs/${transferConfigID}
  observedGeneration: 2
  observedState:
    datasetRegion: us-central1
    name: projects/${projectNumber}/locations/us-central1/transferConfigs/${transferConfigID}
    ownerInfo:
      email: user@google.com
    updateTime: "1970-01-01T00:00:00Z"
    userID: "0000000000000000000"
