apiVersion: gkehub.cnrm.cloud.google.com/v1beta1
kind: GKEHubFeatureMembership
metadata:
  annotations:
    cnrm.cloud.google.com/management-conflict-prevention-policy: none
  finalizers:
  - cnrm.cloud.google.com/finalizer
  - cnrm.cloud.google.com/deletion-defender
  generation: 2
  labels:
    cnrm-test: "true"
  name: gkehubfeaturemembership-basic-acm-${uniqueId}
  namespace: ${uniqueId}
spec:
  configmanagement:
    configSync:
      git:
        gcpServiceAccountRef:
          name: sa-${uniqueId}
        httpsProxy: https://github.com
        policyDir: config-connector
        secretType: none
        syncBranch: master
        syncRepo: https://github.com/GoogleCloudPlatform/cloud-foundation-toolkit
        syncRev: HEAD
        syncWaitSecs: "20"
      sourceFormat: hierarchy
    hierarchyController:
      enableHierarchicalResourceQuota: true
      enablePodTreeLabels: true
      enabled: true
    version: 1.18.1
  featureRef:
    name: gkehubfeature-basic-acm-${uniqueId}
  location: global
  membershipLocation: global
  membershipRef:
    name: gkehubmembership-basic-acm-${uniqueId}
  projectRef:
    name: gkehubfm-${uniqueId}
status:
  conditions:
  - lastTransitionTime: "1970-01-01T00:00:00Z"
    message: The resource is up to date
    reason: UpToDate
    status: "True"
    type: Ready
  observedGeneration: 2
