apiVersion: run.cnrm.cloud.google.com/v1beta1
kind: RunService
metadata:
  annotations:
    cnrm.cloud.google.com/management-conflict-prevention-policy: none
    cnrm.cloud.google.com/state-into-spec: absent
  finalizers:
  - cnrm.cloud.google.com/finalizer
  - cnrm.cloud.google.com/deletion-defender
  generation: 3
  labels:
    cnrm-test: "true"
  name: runservice-${uniqueId}
  namespace: ${uniqueId}
spec:
  ingress: INGRESS_TRAFFIC_ALL
  launchStage: GA
  location: us-central1
  projectRef:
    external: projects/${projectId}
  resourceID: runservice-${uniqueId}
  template:
    containers:
    - env:
      - name: FOO
        value: '[barbar'
      image: gcr.io/cloudrun/hello
    scaling:
      maxInstanceCount: 3
  traffic:
  - percent: 100
    type: TRAFFIC_TARGET_ALLOCATION_TYPE_LATEST
status:
  conditions:
  - lastTransitionTime: "1970-01-01T00:00:00Z"
    message: The resource is up to date
    reason: UpToDate
    status: "True"
    type: Ready
  createTime: "1970-01-01T00:00:00Z"
  creator: integration-test@${projectId}.iam.gserviceaccount.com
  etag: abcdef123456
  lastModifier: integration-test@${projectId}.iam.gserviceaccount.com
  latestCreatedRevision: projects/${projectId}/locations/us-central1/services/runservice-${uniqueId}/revisions/runservice-${uniqueId}-00002-dlq
  latestReadyRevision: projects/${projectId}/locations/us-central1/services/runservice-${uniqueId}/revisions/runservice-${uniqueId}-00002-dlq
  observedGeneration: 3
  terminalCondition:
    lastTransitionTime: "2024-04-25T01:58:54.511740Z"
    state: CONDITION_SUCCEEDED
    type: Ready
  trafficStatuses:
  - percent: 100
    type: TRAFFIC_TARGET_ALLOCATION_TYPE_LATEST
  uid: "12345678"
  updateTime: "1970-01-01T00:00:00Z"
  uri: https://runservice-${uniqueId}-7id3oidh4q-uc.a.run.app
