apiVersion: clouddeploy.cnrm.cloud.google.com/v1alpha1
kind: CloudDeployDeployPolicy
metadata:
  finalizers:
  - cnrm.cloud.google.com/finalizer
  - cnrm.cloud.google.com/deletion-defender
  generation: 2
  labels:
    cnrm-test: "true"
  name: deploypolicy-${uniqueId}
  namespace: ${uniqueId}
spec:
  description: Updated description
  location: us-west2
  projectRef:
    external: ${projectId}
status:
  conditions:
  - lastTransitionTime: "1970-01-01T00:00:00Z"
    message: The resource is up to date
    reason: UpToDate
    status: "True"
    type: Ready
  externalRef: projects/${projectId}/locations/us-west2/deployPolicies/deploypolicy-${uniqueId}
  observedGeneration: 2
  observedState:
    createTime: "1970-01-01T00:00:00Z"
    name: projects/${projectId}/locations/us-west2/deployPolicies/deploypolicy-${uniqueId}
    uid: 0123456789abcdef
    updateTime: "1970-01-01T00:00:00Z"
