apiVersion: apigee.cnrm.cloud.google.com/v1beta1
kind: ApigeeEndpointAttachment
metadata:
  finalizers:
  - cnrm.cloud.google.com/finalizer
  - cnrm.cloud.google.com/deletion-defender
  generation: 1
  labels:
    cnrm-test: "true"
  name: apgea-${uniqueId}
  namespace: ${uniqueId}
spec:
  location: us-west3
  organizationRef:
    external: organizations/${organizationID}
  serviceAttachmentRef:
    name: computeserviceattachment-${uniqueId}
status:
  conditions:
  - lastTransitionTime: "1970-01-01T00:00:00Z"
    message: The resource is up to date
    reason: UpToDate
    status: "True"
    type: Ready
  externalRef: organizations/${organizationID}/endpointAttachments/apgea-${uniqueId}
  observedGeneration: 1
  observedState:
    connectionState: ACCEPTED
    host: 10.1.2.3
    state: ACTIVE
