apiVersion: storage.cnrm.cloud.google.com/v1beta1
kind: StorageBucket
metadata:
  annotations:
    cnrm.cloud.google.com/management-conflict-prevention-policy: none
    cnrm.cloud.google.com/project-id: ${projectId}
    cnrm.cloud.google.com/state-into-spec: merge
  finalizers:
  - cnrm.cloud.google.com/finalizer
  - cnrm.cloud.google.com/deletion-defender
  generation: 4
  labels:
    cnrm-test: "true"
    label-one: value-one
    newkey: newval
  name: storagebucket-sample-${uniqueId}
  namespace: ${uniqueId}
spec:
  location: US
  publicAccessPrevention: inherited
  resourceID: storagebucket-sample-${uniqueId}
  softDeletePolicy:
    retentionDurationSeconds: 604800
  storageClass: STANDARD
  versioning:
    enabled: false
status:
  conditions:
  - lastTransitionTime: "1970-01-01T00:00:00Z"
    message: The resource is up to date
    reason: UpToDate
    status: "True"
    type: Ready
  observedGeneration: 4
  observedState:
    softDeletePolicy:
      effectiveTime: "1970-01-01T00:00:00Z"
      retentionDurationSeconds: 604800
  selfLink: https://www.googleapis.com/storage/v1/b/storagebucket-sample-${uniqueId}
  url: gs://storagebucket-sample-${uniqueId}
