apiVersion: notebooks.cnrm.cloud.google.com/v1beta1
kind: NotebookInstance
metadata:
  finalizers:
  - cnrm.cloud.google.com/finalizer
  - cnrm.cloud.google.com/deletion-defender
  generation: 2
  labels:
    cnrm-test: "true"
  name: notebookinstance-basic-${uniqueId}
  namespace: ${uniqueId}
spec:
  containerImage:
    repository: gcr.io/deeplearning-platform-release/base-cpu
  labels:
    environment: development
    team: config-connector-team
  machineType: n1-standard-1
  projectRef:
    external: ${projectId}
  shieldedInstanceConfig:
    enableIntegrityMonitoring: true
    enableSecureBoot: false
    enableVTPM: true
  zone: us-central1-a
status:
  conditions:
  - lastTransitionTime: "1970-01-01T00:00:00Z"
    message: The resource is up to date
    reason: UpToDate
    status: "True"
    type: Ready
  externalRef: projects/${projectId}/locations/us-central1-a/instances/notebookinstance-basic-${uniqueId}
  observedGeneration: 2
  observedState:
    createTime: "1970-01-01T00:00:00Z"
    creator: someone@somewhere.com
    disks:
    - autoDelete: true
      boot: true
      deviceName: boot
      diskSizeGB: 150
      guestOSFeatures:
      - type: VIRTIO_SCSI_MULTIQUEUE
      - type: UEFI_COMPATIBLE
      - type: GVNIC
      interface: SCSI
      kind: compute#attachedDisk
      licenses:
      - https://www.googleapis.com/compute/v1/projects/click-to-deploy-images/global/licenses/c2d-tensorflow
      - https://www.googleapis.com/compute/v1/projects/click-to-deploy-images/global/licenses/c2d-dl-platform-gvnic
      - https://www.googleapis.com/compute/v1/projects/click-to-deploy-images/global/licenses/c2d-dl-platform-common-container
      - https://www.googleapis.com/compute/v1/projects/click-to-deploy-images/global/licenses/c2d-dl-platform-debian-11
      - https://www.googleapis.com/compute/v1/projects/click-to-deploy-images/global/licenses/c2d-dl-platform-dlvm
      mode: READ_WRITE
      source: https://www.googleapis.com/compute/v1/projects/${projectId}/zones/us-central1-a/disks/notebookinstance-basic-${uniqueId}-boot
      type: PERSISTENT
    - autoDelete: true
      deviceName: data
      diskSizeGB: 100
      index: 1
      interface: SCSI
      kind: compute#attachedDisk
      mode: READ_WRITE
      source: https://www.googleapis.com/compute/v1/projects/${projectId}/zones/us-central1-a/disks/notebookinstance-basic-${uniqueId}-data
      type: PERSISTENT
    state: PROVISIONING
    updateTime: "1970-01-01T00:00:00Z"
