apiVersion: logging.cnrm.cloud.google.com/v1beta1
kind: LoggingLogExclusion
metadata:
  annotations:
    cnrm.cloud.google.com/management-conflict-prevention-policy: none
    cnrm.cloud.google.com/state-into-spec: merge
  finalizers:
  - cnrm.cloud.google.com/finalizer
  - cnrm.cloud.google.com/deletion-defender
  generation: 3
  labels:
    cnrm-test: "true"
  name: exclusion-${uniqueId}
  namespace: ${uniqueId}
spec:
  billingAccountRef:
    external: billingAccounts/016C6E-5D5038-702920
  description: An updated log exclusion
  disabled: true
  filter: resource.type=gcs_bucket severity<=ERROR sample(insertId, 0.99)
  resourceID: exclusion-${uniqueId}
status:
  conditions:
  - lastTransitionTime: "1970-01-01T00:00:00Z"
    message: The resource is up to date
    reason: UpToDate
    status: "True"
    type: Ready
  createTime: "1970-01-01T00:00:00Z"
  observedGeneration: 3
  updateTime: "1970-01-01T00:00:00Z"
