apiVersion: kms.cnrm.cloud.google.com/v1beta1
kind: KMSAutokeyConfig
metadata:
  annotations:
    cnrm.cloud.google.com/management-conflict-prevention-policy: none
  finalizers:
  - cnrm.cloud.google.com/finalizer
  - cnrm.cloud.google.com/deletion-defender
  generation: 2
  labels:
    cnrm-test: "true"
  name: autokeyconfig-${uniqueId}
  namespace: ${uniqueId}
spec:
  folderRef:
    external: folders/123451001
  keyProject:
    external: projects/diff-{uniqueId}
status:
  conditions:
  - lastTransitionTime: "1970-01-01T00:00:00Z"
    message: The resource is up to date
    reason: UpToDate
    status: "True"
    type: Ready
  externalRef: folders/123451001/autokeyConfig
  observedGeneration: 2
  observedState:
    state: ACTIVE
