apiVersion: vertexai.cnrm.cloud.google.com/v1alpha1
kind: VertexAIFeaturestore
metadata:
  finalizers:
  - cnrm.cloud.google.com/finalizer
  - cnrm.cloud.google.com/deletion-defender
  generation: 2
  labels:
    cnrm-test: "true"
  name: featurestore${uniqueId}
  namespace: ${uniqueId}
spec:
  labels:
    foo: bar
  location: us-central1
  onlineServingConfig:
    fixedNodeCount: 3
  onlineStorageTTLDays: 20
  projectRef:
    external: ${projectId}
status:
  conditions:
  - lastTransitionTime: "1970-01-01T00:00:00Z"
    message: The resource is up to date
    reason: UpToDate
    status: "True"
    type: Ready
  externalRef: projects/${projectId}/locations/us-central1/featurestores/featurestore${uniqueId}
  observedGeneration: 2
  observedState: {}
