apiVersion: gkehub.cnrm.cloud.google.com/v1beta1
kind: GKEHubMembership
metadata:
  annotations:
    cnrm.cloud.google.com/management-conflict-prevention-policy: none
    cnrm.cloud.google.com/mutable-but-unreadable-fields: '{}'
    cnrm.cloud.google.com/project-id: ${projectId}
    cnrm.cloud.google.com/state-into-spec: merge
  finalizers:
  - cnrm.cloud.google.com/finalizer
  - cnrm.cloud.google.com/deletion-defender
  generation: 3
  labels:
    cnrm-test: "true"
  name: gkehubmembership-${uniqueId}
  namespace: ${uniqueId}
spec:
  authority:
    issuer: https://container.googleapis.com/v1/projects/${projectId}/locations/us-central1-a/clusters/containercluster-${uniqueId}
  description: A simpler GKE Hub membership update
  endpoint:
    gkeCluster:
      resourceRef:
        name: containercluster-${uniqueId}
  externalId: c772f869-1d6c-4d50-a92e-816c48322246
  infrastructureType: MULTI_CLOUD
  location: global
  resourceID: gkehubmembership-${uniqueId}
status:
  authority:
    identityProvider: https://container.googleapis.com/v1/projects/${projectId}/locations/us-central1-a/clusters/containercluster-${uniqueId}
    workloadIdentityPool: ${projectId}.svc.id.goog
  conditions:
  - lastTransitionTime: "1970-01-01T00:00:00Z"
    message: The resource is up to date
    reason: UpToDate
    status: "True"
    type: Ready
  createTime: "1970-01-01T00:00:00Z"
  observedGeneration: 3
  state:
    code: READY
  uniqueId: "12345678"
  updateTime: "1970-01-01T00:00:00Z"
