apiVersion: compute.cnrm.cloud.google.com/v1beta1
kind: ComputeForwardingRule
metadata:
  annotations:
    alpha.cnrm.cloud.google.com/reconciler: direct
    cnrm.cloud.google.com/management-conflict-prevention-policy: none
    cnrm.cloud.google.com/project-id: ${projectId}
  finalizers:
  - cnrm.cloud.google.com/finalizer
  - cnrm.cloud.google.com/deletion-defender
  generation: 2
  labels:
    cnrm-test: "true"
    label-one: value-two
  name: computeregionalforwardingrule-${uniqueId}
  namespace: ${uniqueId}
spec:
  description: A regional forwarding rule
  ipAddress:
    ip: 10.1.2.2
  ipProtocol: TCP
  loadBalancingScheme: INTERNAL_MANAGED
  location: us-central1
  networkRef:
    name: network-${uniqueId}
  portRange: "90"
  subnetworkRef:
    name: subnetwork-${uniqueId}
  target:
    targetTCPProxyRef:
      name: computetargettcpproxy2-${uniqueId}
status:
  conditions:
  - lastTransitionTime: "1970-01-01T00:00:00Z"
    message: The resource is up to date
    reason: UpToDate
    status: "True"
    type: Ready
  creationTimestamp: "1970-01-01T00:00:00Z"
  externalRef: //compute.googleapis.com/projects/${projectId}/regions/us-central1/forwardingrules/computeregionalforwardingrule-${uniqueId}
  labelFingerprint: abcdef0123A=
  observedGeneration: 2
  selfLink: https://www.googleapis.com/compute/v1/projects/${projectId}/regions/us-central1/forwardingRules/computeregionalforwardingrule-${uniqueId}
