apiVersion: alloydb.cnrm.cloud.google.com/v1beta1
kind: AlloyDBInstance
metadata:
  annotations:
    cnrm.cloud.google.com/management-conflict-prevention-policy: none
    cnrm.cloud.google.com/state-into-spec: absent
  finalizers:
  - cnrm.cloud.google.com/finalizer
  - cnrm.cloud.google.com/deletion-defender
  generation: 3
  labels:
    cnrm-test: "true"
  name: alloydbinstance-${uniqueId}
  namespace: ${uniqueId}
spec:
  availabilityType: REGIONAL
  clusterRef:
    name: alloydbcluster-${uniqueId}
  databaseFlags:
    enable_google_adaptive_autovacuum: "off"
  instanceTypeRef:
    name: alloydbcluster-${uniqueId}
  machineConfig:
    cpuCount: 2
  resourceID: alloydbinstance-${uniqueId}
status:
  conditions:
  - lastTransitionTime: "1970-01-01T00:00:00Z"
    message: The resource is up to date
    reason: UpToDate
    status: "True"
    type: Ready
  createTime: "1970-01-01T00:00:00Z"
  name: projects/${projectId}/locations/europe-west1/clusters/alloydbcluster-${uniqueId}/instances/alloydbinstance-${uniqueId}
  observedGeneration: 3
  state: STATE_UNSPECIFIED
