apiVersion: sql.cnrm.cloud.google.com/v1beta1
kind: SQLUser
metadata:
  annotations:
    cnrm.cloud.google.com/management-conflict-prevention-policy: none
    cnrm.cloud.google.com/mutable-but-unreadable-fields: '{"spec":{"password":{"valueFrom":{"secretKeyRef":{"key":"newpassword","name":"secret-2-${uniqueId}"}}}}}'
    cnrm.cloud.google.com/observed-secret-versions: (removed)
    cnrm.cloud.google.com/project-id: ${projectId}
    cnrm.cloud.google.com/state-into-spec: absent
  finalizers:
  - cnrm.cloud.google.com/finalizer
  - cnrm.cloud.google.com/deletion-defender
  generation: 3
  labels:
    cnrm-test: "true"
  name: sqluser-${uniqueId}
  namespace: ${uniqueId}
spec:
  host: '%'
  instanceRef:
    name: sqlinstance-${uniqueId}
  password:
    valueFrom:
      secretKeyRef:
        key: newpassword
        name: secret-2-${uniqueId}
  passwordPolicy:
    allowedFailedAttempts: 5
    enableFailedAttemptsCheck: false
    enablePasswordVerification: false
    passwordExpirationDuration: 1296000s
  resourceID: sqluser-${uniqueId}
  type: BUILT_IN
status:
  conditions:
  - lastTransitionTime: "1970-01-01T00:00:00Z"
    message: The resource is up to date
    reason: UpToDate
    status: "True"
    type: Ready
  observedGeneration: 3
