apiVersion: bigqueryconnection.cnrm.cloud.google.com/v1beta1
kind: BigQueryConnectionConnection
metadata:
  finalizers:
  - cnrm.cloud.google.com/finalizer
  - cnrm.cloud.google.com/deletion-defender
  generation: 2
  labels:
    cnrm-test: "true"
  name: bigqueryconnectionconnection-${uniqueId}
  namespace: ${uniqueId}
spec:
  azure:
    customerTenantID: customer-tenant-id-2222222
    federatedApplicationClientID: b43eeeee-eeee-eeee-eeee-a480155501ce-001
  location: azure-eastus2
  projectRef:
    external: ${projectId}
status:
  conditions:
  - lastTransitionTime: "1970-01-01T00:00:00Z"
    message: The resource is up to date
    reason: UpToDate
    status: "True"
    type: Ready
  externalRef: projects/${projectId}/locations/azure-eastus2/connections/71389360-831c-431d-8975-837aee2153be
  observedGeneration: 2
  observedState:
    azure:
      identity: "117243083562690747295"
