apiVersion: gkehub.cnrm.cloud.google.com/v1beta1
kind: GKEHubFeatureMembership
metadata:
  annotations:
    cnrm.cloud.google.com/management-conflict-prevention-policy: none
  finalizers:
  - cnrm.cloud.google.com/finalizer
  - cnrm.cloud.google.com/deletion-defender
  generation: 2
  labels:
    cnrm-test: "true"
  name: gkehubfeaturemembership-full-acm-${uniqueId}
  namespace: ${uniqueId}
spec:
  configmanagement:
    configSync:
      git:
        gcpServiceAccountRef:
          name: sa-${uniqueId}
        httpsProxy: https://github.com
        policyDir: config-sync-quickstart/multirepo/root
        secretType: none
        syncBranch: main
        syncRepo: https://github.com/GoogleCloudPlatform/anthos-config-management-samples
        syncRev: 264b37c21ef77165d8639d77b23d4ebb8fee053c
        syncWaitSecs: "30"
      sourceFormat: hierarchy
    hierarchyController:
      enableHierarchicalResourceQuota: false
      enablePodTreeLabels: false
      enabled: false
    version: 1.18.2
  featureRef:
    name: gkehubfeature-full-acm-${uniqueId}
  location: global
  membershipLocation: global
  membershipRef:
    name: gkehubmembership-full-acm-${uniqueId}
  projectRef:
    name: gkehubfm-${uniqueId}
status:
  conditions:
  - lastTransitionTime: "1970-01-01T00:00:00Z"
    message: The resource is up to date
    reason: UpToDate
    status: "True"
    type: Ready
  observedGeneration: 2
