apiVersion: asset.cnrm.cloud.google.com/v1alpha1
kind: AssetFeed
metadata:
  finalizers:
  - cnrm.cloud.google.com/finalizer
  - cnrm.cloud.google.com/deletion-defender
  generation: 2
  labels:
    cnrm-test: "true"
  name: assetfeed-${uniqueId}
  namespace: ${uniqueId}
spec:
  assetNames:
  - //compute.googleapis.com/projects/${projectId}/zones/us-central1-a/instances/instance1
  - //compute.googleapis.com/projects/${projectId}/zones/us-central1-a/images/image1
  assetTypes:
  - compute.googleapis.com/Instance
  - compute.googleapis.com/Image
  condition:
    description: deleted asset
    expression: temporal_asset.deleted == true
    location: us-central1
    title: deleted
  contentType: RELATIONSHIP
  feedOutputConfig:
    pubsubDestination:
      topicRef:
        name: kcc-assetfeed-${uniqueId}
  projectRef:
    external: ${projectNumber}
  relationshipTypes:
  - INSTANCE_TO_INSTANCEGROUP
  - COMPUTE_IMAGE_BOOT_DISK
status:
  conditions:
  - lastTransitionTime: "1970-01-01T00:00:00Z"
    message: The resource is up to date
    reason: UpToDate
    status: "True"
    type: Ready
  externalRef: projects/${projectNumber}/feeds/assetfeed-${uniqueId}
  observedGeneration: 2
