apiVersion: sql.cnrm.cloud.google.com/v1beta1
kind: SQLDatabase
metadata:
  annotations:
    cnrm.cloud.google.com/management-conflict-prevention-policy: none
    cnrm.cloud.google.com/mutable-but-unreadable-fields: '{"spec":{"deletionPolicy":"DELETE"}}'
    cnrm.cloud.google.com/project-id: ${projectId}
    cnrm.cloud.google.com/state-into-spec: merge
  finalizers:
  - cnrm.cloud.google.com/finalizer
  - cnrm.cloud.google.com/deletion-defender
  generation: 3
  labels:
    cnrm-test: "true"
  name: sqldatabase-${uniqueId}
  namespace: ${uniqueId}
spec:
  charset: utf8mb4
  collation: utf8mb4_bin
  deletionPolicy: DELETE
  instanceRef:
    name: sqlinstance-${uniqueId}
  resourceID: sqldatabase-${uniqueId}
status:
  conditions:
  - lastTransitionTime: "1970-01-01T00:00:00Z"
    message: The resource is up to date
    reason: UpToDate
    status: "True"
    type: Ready
  observedGeneration: 3
  selfLink: https://sqladmin.googleapis.com/sql/v1beta4/projects/${projectId}/instances/sqlinstance-${uniqueId}/databases/sqldatabase-${uniqueId}
