# Copyright 2022 Google LLC
#
# Licensed under the Apache License, Version 2.0 (the "License");
# you may not use this file except in compliance with the License.
# You may obtain a copy of the License at
#
#      http://www.apache.org/licenses/LICENSE-2.0
#
# Unless required by applicable law or agreed to in writing, software
# distributed under the License is distributed on an "AS IS" BASIS,
# WITHOUT WARRANTIES OR CONDITIONS OF ANY KIND, either express or implied.
# See the License for the specific language governing permissions and
# limitations under the License.

- apiVersion: spanner.cnrm.cloud.google.com/v1beta1
  kind: SpannerDatabase
  metadata:
    annotations:
      cnrm.cloud.google.com/project-id: test-project
    name: asdf
  spec:
    instanceRef:
      external: spannerdatabase-dep
    testKey: this value verifies I was created by the mock client
