apiVersion: networkconnectivity.cnrm.cloud.google.com/v1alpha1
kind: NetworkConnectivityInternalRange
metadata:
  finalizers:
  - cnrm.cloud.google.com/finalizer
  - cnrm.cloud.google.com/deletion-defender
  generation: 2
  labels:
    cnrm-test: "true"
    foo: baz
  name: networkconnectivityinternalrange-full-prefix-${uniqueId}
  namespace: ${uniqueId}
spec:
  description: Full test of all API fields with prefixLength - updated
  location: global
  networkRef:
    name: computenetwork-${uniqueId}
  peering: FOR_PEER
  prefixLength: 24
  projectRef:
    external: ${projectId}
  targetCIDRRange:
  - 10.0.0.0/16
  usage: EXTERNAL_TO_VPC
status:
  conditions:
  - lastTransitionTime: "1970-01-01T00:00:00Z"
    message: The resource is up to date
    reason: UpToDate
    status: "True"
    type: Ready
  observedGeneration: 2
  observedState: {}
