apiVersion: essentialcontacts.cnrm.cloud.google.com/v1beta1
kind: EssentialContactsContact
metadata:
  finalizers:
  - cnrm.cloud.google.com/finalizer
  - cnrm.cloud.google.com/deletion-defender
  generation: 2
  labels:
    cnrm-test: "true"
  name: essentialcontactscontact-minimal-${uniqueId}
  namespace: ${uniqueId}
spec:
  email: all-alerts@test.com
  languageTag: en
  notificationCategorySubscriptions:
  - ALL
  projectRef:
    external: ${projectId}
status:
  conditions:
  - lastTransitionTime: "1970-01-01T00:00:00Z"
    message: The resource is up to date
    reason: UpToDate
    status: "True"
    type: Ready
  externalRef: projects/${projectNumber}/contacts/${contactId}
  observedGeneration: 2
  observedState:
    validateTime: "1970-01-01T00:00:00Z"
    validationState: VALID
