apiVersion: networkconnectivity.cnrm.cloud.google.com/v1alpha1
kind: NetworkConnectivityServiceConnectionPolicy
metadata:
  finalizers:
  - cnrm.cloud.google.com/finalizer
  - cnrm.cloud.google.com/deletion-defender
  generation: 3
  labels:
    cnrm-test: "true"
    label-one: value-one
  name: serviceconnectionpolicy-${uniqueId}
  namespace: ${uniqueId}
spec:
  description: Service Connection Policy for redis - updated
  location: us-central1
  network: projects/${projectId}/global/networks/network-${uniqueId}
  projectRef:
    external: projects/${projectId}
  pscConfig:
    subnetworks:
    - projects/${projectId}/regions/us-central1/subnetworks/subnet-${uniqueId}
  resourceID: serviceconnectionpolicy-${uniqueId}
  serviceClass: gcp-memorystore-redis
status:
  conditions:
  - lastTransitionTime: "1970-01-01T00:00:00Z"
    message: The resource is up to date
    reason: UpToDate
    status: "True"
    type: Ready
  observedGeneration: 3
  observedState:
    infrastructure: PSC
