apiVersion: compute.cnrm.cloud.google.com/v1beta1
kind: ComputeTargetHTTPSProxy
metadata:
  annotations:
    cnrm.cloud.google.com/management-conflict-prevention-policy: none
    cnrm.cloud.google.com/project-id: ${projectId}
    cnrm.cloud.google.com/state-into-spec: absent
  finalizers:
  - cnrm.cloud.google.com/finalizer
  - cnrm.cloud.google.com/deletion-defender
  generation: 3
  labels:
    cnrm-test: "true"
  name: computetargethttpsproxy-${uniqueId}
  namespace: ${uniqueId}
spec:
  certificateManagerCertificates:
  - name: certificatemanagercertificates-${uniqueId}
  description: test description
  location: global
  quicOverride: ENABLE
  resourceID: computetargethttpsproxy-${uniqueId}
  urlMapRef:
    name: computeurlmap-2-${uniqueId}
status:
  conditions:
  - lastTransitionTime: "1970-01-01T00:00:00Z"
    message: The resource is up to date
    reason: UpToDate
    status: "True"
    type: Ready
  creationTimestamp: "1970-01-01T00:00:00Z"
  observedGeneration: 3
  proxyId: 1111111111111111
  selfLink: https://www.googleapis.com/compute/v1/projects/${projectId}/global/targetHttpsProxies/computetargethttpsproxy-${uniqueId}
