apiVersion: iam.cnrm.cloud.google.com/v1beta1
kind: IAMPartialPolicy
metadata:
  annotations:
    cnrm.cloud.google.com/state-into-spec: absent
  finalizers:
  - cnrm.cloud.google.com/finalizer
  - cnrm.cloud.google.com/deletion-defender
  generation: 2
  labels:
    cnrm-test: "true"
  name: iampartialpolicy-${uniqueId}
  namespace: ${uniqueId}
spec:
  bindings:
  - condition:
      description: Only allow at certain times
      expression: request.time < timestamp("2025-01-01T00:00:00Z")
      title: test-condition
    members:
    - member: user:test@example.com
    - member: serviceAccount:test-sa@test-project.iam.gserviceaccount.com
    - member: group:test-group@example.com
    role: roles/cloudkms.cryptoKeyEncrypterDecrypter
  - condition:
      description: Editor condition
      expression: request.time < timestamp("2026-01-01T00:00:00Z")
      title: editor-condition
    members:
    - member: user:editor@example.com
    role: roles/cloudkms.cryptoKeyEncrypterDecrypter
  resourceRef:
    apiVersion: kms.cnrm.cloud.google.com/v1beta1
    kind: KMSCryptoKey
    name: kmscryptokey-${uniqueId}
status:
  allBindings:
  - condition:
      description: Editor condition
      expression: request.time < timestamp("2026-01-01T00:00:00Z")
      title: editor-condition
    members:
    - user:editor@example.com
    role: roles/cloudkms.cryptoKeyEncrypterDecrypter
  - condition:
      description: Only allow at certain times
      expression: request.time < timestamp("2025-01-01T00:00:00Z")
      title: test-condition
    members:
    - group:test-group@example.com
    - serviceAccount:test-sa@test-project.iam.gserviceaccount.com
    - user:test@example.com
    role: roles/cloudkms.cryptoKeyEncrypterDecrypter
  conditions:
  - lastTransitionTime: "1970-01-01T00:00:00Z"
    message: The resource is up to date
    reason: UpToDate
    status: "True"
    type: Ready
  lastAppliedBindings:
  - condition:
      description: Editor condition
      expression: request.time < timestamp("2026-01-01T00:00:00Z")
      title: editor-condition
    members:
    - user:editor@example.com
    role: roles/cloudkms.cryptoKeyEncrypterDecrypter
  - condition:
      description: Only allow at certain times
      expression: request.time < timestamp("2025-01-01T00:00:00Z")
      title: test-condition
    members:
    - user:test@example.com
    - serviceAccount:test-sa@test-project.iam.gserviceaccount.com
    - group:test-group@example.com
    role: roles/cloudkms.cryptoKeyEncrypterDecrypter
  observedGeneration: 2
