apiVersion: datastream.cnrm.cloud.google.com/v1alpha1
kind: DatastreamPrivateConnection
metadata:
  finalizers:
  - cnrm.cloud.google.com/finalizer
  - cnrm.cloud.google.com/deletion-defender
  generation: 1
  labels:
    cnrm-test: "true"
  name: datastreamprivateconnection-minimal-${uniqueId}
  namespace: ${uniqueId}
spec:
  displayName: test datastream private connection
  location: us-central1
  projectRef:
    external: ${projectId}
  vpcPeeringConfig:
    networkRef:
      name: computenetwork-minimal-${uniqueId}
    subnet: 10.0.0.0/29
status:
  conditions:
  - lastTransitionTime: "1970-01-01T00:00:00Z"
    message: The resource is up to date
    reason: UpToDate
    status: "True"
    type: Ready
  externalRef: projects/${projectId}/locations/us-central1/privateConnections/datastreamprivateconnection-minimal-${uniqueId}
  observedGeneration: 1
  observedState:
    createTime: "1970-01-01T00:00:00Z"
    state: CREATED
    updateTime: "1970-01-01T00:00:00Z"
